EN project2 NULL /home/student1/jsivalog/Downloads/video-signal-generator/game.vhd sub00/vhpl02 1701182609
AR project2 behavioral /home/student1/jsivalog/Downloads/video-signal-generator/game.vhd sub00/vhpl03 1701182610
AR game behavioral /home/student1/jsivalog/Project2/Project2/game.vhd sub00/vhpl01 1699980234
EN game NULL /home/student1/jsivalog/Project2/Project2/game.vhd sub00/vhpl00 1699980233
